
Running 10 tests using 1 worker

  ✘   1 [chromium] › test-site.spec.ts:11:2 › WorkFlowClick Website Desktop Tests › 1. Audience Gate - Load and Button Functionality (11.1s)
  ✘   2 [chromium] › test-site.spec.ts:32:2 › WorkFlowClick Website Desktop Tests › 2. Agency Path - Hero and Stats Verification (1.0m)
  ✘   3 [chromium] › test-site.spec.ts:57:2 › WorkFlowClick Website Desktop Tests › 3. InsurTech Tab - Content Switch Verification (1.0m)
Header links: Services: ✗ Not found, About: ✗ Not found, Contact: ✗ Not found, Case Studies: ✗ Not found, Resources: ✗ Not found
Footer links: Privacy Policy: ✗ Not found, Terms of Service: ✗ Not found
  ✓   4 [chromium] › test-site.spec.ts:82:2 › WorkFlowClick Website Desktop Tests › 4. Navigation Links - Header and Footer (2.5s)
Found 0 CTA buttons
  ✓   5 [chromium] › test-site.spec.ts:132:2 › WorkFlowClick Website Desktop Tests › 5. CTA Buttons - Book a Strategy Call (674ms)
! No FAQ section found on page
  ✓   6 [chromium] › test-site.spec.ts:165:2 › WorkFlowClick Website Desktop Tests › 6. FAQ Accordions - Expand/Collapse (613ms)
Found 1 forms on page
Form has 5 input fields
✓ Found form (type unknown)
  ✓   7 [chromium] › test-site.spec.ts:204:2 › WorkFlowClick Website Desktop Tests › 7. Form Submissions - Audit and Contact Forms (1.9s)
✓ Screenshots captured for key sections
  ✓   8 [chromium] › test-site.spec.ts:248:2 › WorkFlowClick Website Desktop Tests › 8. Visual Regression - Key Sections Screenshots (1.6s)
✓ Mobile responsiveness screenshots captured
  ✓   9 [chromium] › test-site.spec.ts:276:2 › WorkFlowClick Website Desktop Tests › 9. Mobile Responsiveness Check (703ms)
Console messages: 0
Errors detected: 0
  ✓  10 [chromium] › test-site.spec.ts:295:2 › WorkFlowClick Website Desktop Tests › 10. Performance and Console Errors (3.7s)


  1) [chromium] › test-site.spec.ts:11:2 › WorkFlowClick Website Desktop Tests › 1. Audience Gate - Load and Button Functionality 

    Error: [2mexpect([22m[31mlocator[39m[2m).[22mtoBeVisible[2m([22m[2m)[22m failed

    Locator: locator('text=/choose your path|select audience|agency|insurtech/i').first()
    Expected: visible
    Timeout: 10000ms
    Error: element(s) not found

    Call log:
    [2m  - Expect "to.be.visible" with timeout 10000ms[22m
    [2m  - waiting for locator('text=/choose your path|select audience|agency|insurtech/i').first()[22m


      14 |     // Check if audience gate loads
      15 |     const gateTitle = page.locator('text=/choose your path|select audience|agency|insurtech/i').first();
    > 16 |     await expect(gateTitle).toBeVisible({ timeout: 10000 });
         |                            ^
      17 |
      18 |     // Take screenshot of gate
      19 |     await page.screenshot({ path: `${SCREENSHOT_PATH}/01-audience-gate.png`, fullPage: true });
        at /home/chase/github/workflowclick-site/test-site.spec.ts:16:28

    attachment #1: screenshot (image/png) ──────────────────────────────────────────────────────────
    test-results/test-site-WorkFlowClick-We-e1cb1-ad-and-Button-Functionality-chromium/test-failed-1.png
    ────────────────────────────────────────────────────────────────────────────────────────────────

    attachment #2: video (video/webm) ──────────────────────────────────────────────────────────────
    test-results/test-site-WorkFlowClick-We-e1cb1-ad-and-Button-Functionality-chromium/video.webm
    ────────────────────────────────────────────────────────────────────────────────────────────────

    Error Context: test-results/test-site-WorkFlowClick-We-e1cb1-ad-and-Button-Functionality-chromium/error-context.md

  2) [chromium] › test-site.spec.ts:32:2 › WorkFlowClick Website Desktop Tests › 2. Agency Path - Hero and Stats Verification 

    [31mTest timeout of 60000ms exceeded.[39m

    Error: click: Test timeout of 60000ms exceeded.
    Call log:
    [2m  - waiting for locator('button:has-text("Agency"), a:has-text("Agency")').first()[22m


      35 |     // Click Agency button
      36 |     const agencyButton = page.locator('button:has-text("Agency"), a:has-text("Agency")').first();
    > 37 |     await agencyButton.click();
         |                       ^
      38 |     await page.waitForLoadState('networkidle');
      39 |
      40 |     // Verify hero headline for Agency
        at /home/chase/github/workflowclick-site/test-site.spec.ts:37:23

    attachment #1: screenshot (image/png) ──────────────────────────────────────────────────────────
    test-results/test-site-WorkFlowClick-We-f8733-Hero-and-Stats-Verification-chromium/test-failed-1.png
    ────────────────────────────────────────────────────────────────────────────────────────────────

    attachment #2: video (video/webm) ──────────────────────────────────────────────────────────────
    test-results/test-site-WorkFlowClick-We-f8733-Hero-and-Stats-Verification-chromium/video.webm
    ────────────────────────────────────────────────────────────────────────────────────────────────

    Error Context: test-results/test-site-WorkFlowClick-We-f8733-Hero-and-Stats-Verification-chromium/error-context.md

  3) [chromium] › test-site.spec.ts:57:2 › WorkFlowClick Website Desktop Tests › 3. InsurTech Tab - Content Switch Verification 

    [31mTest timeout of 60000ms exceeded.[39m

    Error: click: Test timeout of 60000ms exceeded.
    Call log:
    [2m  - waiting for locator('button:has-text("InsurTech"), a:has-text("InsurTech")').first()[22m


      60 |     // Click InsurTech button
      61 |     const insurtechButton = page.locator('button:has-text("InsurTech"), a:has-text("InsurTech")').first();
    > 62 |     await insurtechButton.click();
         |                          ^
      63 |     await page.waitForLoadState('networkidle');
      64 |
      65 |     // Verify hero changes to InsurTech version
        at /home/chase/github/workflowclick-site/test-site.spec.ts:62:26

    attachment #1: screenshot (image/png) ──────────────────────────────────────────────────────────
    test-results/test-site-WorkFlowClick-We-393c9-Content-Switch-Verification-chromium/test-failed-1.png
    ────────────────────────────────────────────────────────────────────────────────────────────────

    attachment #2: video (video/webm) ──────────────────────────────────────────────────────────────
    test-results/test-site-WorkFlowClick-We-393c9-Content-Switch-Verification-chromium/video.webm
    ────────────────────────────────────────────────────────────────────────────────────────────────

    Error Context: test-results/test-site-WorkFlowClick-We-393c9-Content-Switch-Verification-chromium/error-context.md

  3 failed
    [chromium] › test-site.spec.ts:11:2 › WorkFlowClick Website Desktop Tests › 1. Audience Gate - Load and Button Functionality 
    [chromium] › test-site.spec.ts:32:2 › WorkFlowClick Website Desktop Tests › 2. Agency Path - Hero and Stats Verification 
    [chromium] › test-site.spec.ts:57:2 › WorkFlowClick Website Desktop Tests › 3. InsurTech Tab - Content Switch Verification 
  7 passed (2.5m)
